
Allocating common symbols
Common symbol       size              file

SaveRState          0x2               build/usb_lib/usb_int.o
SaveState           0x2               build/usb_lib/usb_init.o
wTransferSize       0x4               build/usb.o
wIstr               0x2               build/usb.o
pProperty           0x4               build/usb_lib/usb_init.o
EPindex             0x1               build/usb_lib/usb_init.o
SaveTState          0x2               build/usb_lib/usb_int.o
Device_Info         0x1c              build/usb_lib/usb_init.o
pUser_Standard_Requests
                    0x4               build/usb_lib/usb_init.o
StatusInfo          0x2               build/usb_lib/usb_core.o
pInformation        0x4               build/usb_lib/usb_init.o
ResumeS             0x2               build/usb.o
code_copy_lock      0x1               build/dfu.o
wInterrupt_Mask     0x2               build/usb_lib/usb_init.o

Discarded input sections

 .text          0x00000000       0x14 build/stm32_lib/c_only_startup.o
 .bss           0x00000000        0x0 build/stm32_lib/c_only_startup.o
 .bss           0x00000000        0x0 build/stm32_lib/cortexm3_macro.o
 .text          0x00000000        0x0 build/usb.o
 .bss           0x00000000        0x0 build/usb.o
 .text.usbAppInit
                0x00000000        0x4 build/usb.o
 .text          0x00000000        0x0 build/usb_callbacks.o
 .bss           0x00000000        0x0 build/usb_callbacks.o
 .text          0x00000000        0x0 build/usb_descriptor.o
 .bss           0x00000000        0x0 build/usb_descriptor.o
 .bss.u8_usbStringInterface
                0x00000000        0x1 build/usb_descriptor.o
 .text          0x00000000        0x0 build/main.o
 .bss           0x00000000        0x0 build/main.o
 .text          0x00000000        0x0 build/hardware.o
 .bss           0x00000000        0x0 build/hardware.o
 .text.readPin  0x00000000       0x12 build/hardware.o
 .text.flashErasePages
                0x00000000       0x30 build/hardware.o
 .text          0x00000000        0x0 build/dfu.o
 .bss           0x00000000        0x0 build/dfu.o
 .text.dfuUpdateByTimeout
                0x00000000        0x2 build/dfu.o
 .text.dfuGetState
                0x00000000        0xc build/dfu.o
 .text.dfuSetState
                0x00000000        0xc build/dfu.o
 .text          0x00000000        0x0 build/usb_lib/usb_regs.o
 .bss           0x00000000        0x0 build/usb_lib/usb_regs.o
 .text.SetCNTR  0x00000000        0xc build/usb_lib/usb_regs.o
 .text.GetCNTR  0x00000000        0xc build/usb_lib/usb_regs.o
 .text.SetISTR  0x00000000        0xc build/usb_lib/usb_regs.o
 .text.GetISTR  0x00000000        0xc build/usb_lib/usb_regs.o
 .text.GetFNR   0x00000000        0xc build/usb_lib/usb_regs.o
 .text.SetDADDR
                0x00000000        0xc build/usb_lib/usb_regs.o
 .text.GetDADDR
                0x00000000        0xc build/usb_lib/usb_regs.o
 .text.SetBTABLE
                0x00000000       0x10 build/usb_lib/usb_regs.o
 .text.GetBTABLE
                0x00000000        0xc build/usb_lib/usb_regs.o
 .text.SetENDPOINT
                0x00000000        0xe build/usb_lib/usb_regs.o
 .text.GetENDPOINT
                0x00000000       0x10 build/usb_lib/usb_regs.o
 .text.SetEPType
                0x00000000       0x1c build/usb_lib/usb_regs.o
 .text.GetEPType
                0x00000000       0x12 build/usb_lib/usb_regs.o
 .text.SetEPRxStatus
                0x00000000       0x2a build/usb_lib/usb_regs.o
 .text.SetDouBleBuffEPStall
                0x00000000       0x24 build/usb_lib/usb_regs.o
 .text.GetEPTxStatus
                0x00000000       0x12 build/usb_lib/usb_regs.o
 .text.GetEPRxStatus
                0x00000000       0x12 build/usb_lib/usb_regs.o
 .text.SetEPTxValid
                0x00000000       0x1e build/usb_lib/usb_regs.o
 .text.SetEP_KIND
                0x00000000       0x1e build/usb_lib/usb_regs.o
 .text.ClearEP_KIND
                0x00000000       0x1c build/usb_lib/usb_regs.o
 .text.Set_Status_Out
                0x00000000       0x1e build/usb_lib/usb_regs.o
 .text.SetEPDoubleBuff
                0x00000000       0x1e build/usb_lib/usb_regs.o
 .text.ClearEPDoubleBuff
                0x00000000       0x1c build/usb_lib/usb_regs.o
 .text.GetTxStallStatus
                0x00000000       0x1a build/usb_lib/usb_regs.o
 .text.GetRxStallStatus
                0x00000000       0x1a build/usb_lib/usb_regs.o
 .text.ClearEP_CTR_RX
                0x00000000       0x18 build/usb_lib/usb_regs.o
 .text.ClearEP_CTR_TX
                0x00000000       0x1c build/usb_lib/usb_regs.o
 .text.ToggleDTOG_RX
                0x00000000       0x20 build/usb_lib/usb_regs.o
 .text.ToggleDTOG_TX
                0x00000000       0x20 build/usb_lib/usb_regs.o
 .text.SetEPAddress
                0x00000000       0x1e build/usb_lib/usb_regs.o
 .text.GetEPAddress
                0x00000000       0x12 build/usb_lib/usb_regs.o
 .text.SetEPTxAddr
                0x00000000       0x20 build/usb_lib/usb_regs.o
 .text.SetEPRxAddr
                0x00000000       0x20 build/usb_lib/usb_regs.o
 .text.SetEPCountRxReg
                0x00000000       0x26 build/usb_lib/usb_regs.o
 .text.GetEPTxCount
                0x00000000       0x20 build/usb_lib/usb_regs.o
 .text.GetEPRxCount
                0x00000000       0x20 build/usb_lib/usb_regs.o
 .text.SetEPDblBuffAddr
                0x00000000       0x38 build/usb_lib/usb_regs.o
 .text.SetEPDblBuf0Addr
                0x00000000       0x20 build/usb_lib/usb_regs.o
 .text.SetEPDblBuf1Addr
                0x00000000       0x20 build/usb_lib/usb_regs.o
 .text.GetEPDblBuf0Addr
                0x00000000       0x1c build/usb_lib/usb_regs.o
 .text.GetEPDblBuf1Addr
                0x00000000       0x1c build/usb_lib/usb_regs.o
 .text.SetEPDblBuffCount
                0x00000000       0xa8 build/usb_lib/usb_regs.o
 .text.SetEPDblBuf0Count
                0x00000000       0x5c build/usb_lib/usb_regs.o
 .text.SetEPDblBuf1Count
                0x00000000       0x5c build/usb_lib/usb_regs.o
 .text.GetEPDblBuf0Count
                0x00000000       0x20 build/usb_lib/usb_regs.o
 .text.GetEPDblBuf1Count
                0x00000000       0x20 build/usb_lib/usb_regs.o
 .text.GetEPDblBufDir
                0x00000000       0x44 build/usb_lib/usb_regs.o
 .text.FreeUserBuffer
                0x00000000       0x3a build/usb_lib/usb_regs.o
 .text.ToWord   0x00000000        0x6 build/usb_lib/usb_regs.o
 .text.ByteSwap
                0x00000000        0xa build/usb_lib/usb_regs.o
 .text          0x00000000        0x0 build/usb_lib/usb_int.o
 .bss           0x00000000        0x0 build/usb_lib/usb_int.o
 .text.CTR_HP   0x00000000       0x70 build/usb_lib/usb_int.o
 .text          0x00000000        0x0 build/usb_lib/usb_init.o
 .bss           0x00000000        0x0 build/usb_lib/usb_init.o
 .text          0x00000000        0x0 build/usb_lib/usb_core.o
 .bss           0x00000000        0x0 build/usb_lib/usb_core.o
 .text.NOP_Process
                0x00000000        0x2 build/usb_lib/usb_core.o
 .text          0x00000000        0x0 build/usb_lib/usb_mem.o
 .bss           0x00000000        0x0 build/usb_lib/usb_mem.o

Memory Configuration

Name             Origin             Length             Attributes
RAM              0x20000000         0x00001000         xrw
FLASH            0x08000000         0x00002000         xr
*default*        0x00000000         0xffffffff

Linker script and memory map

LOAD build/stm32_lib/c_only_startup.o
LOAD build/stm32_lib/cortexm3_macro.o
LOAD build/usb.o
LOAD build/usb_callbacks.o
LOAD build/usb_descriptor.o
LOAD build/main.o
LOAD build/hardware.o
LOAD build/dfu.o
LOAD build/usb_lib/usb_regs.o
LOAD build/usb_lib/usb_int.o
LOAD build/usb_lib/usb_init.o
LOAD build/usb_lib/usb_core.o
LOAD build/usb_lib/usb_mem.o
LOAD c:/users/rclark/appdata/roaming/arduino15/packages/arduino/tools/arm-none-eabi-gcc/4.8.3-2014q1/bin/../lib/gcc/arm-none-eabi/4.8.3/../../../../arm-none-eabi/lib/armv7-m\libc.a
LOAD c:/users/rclark/appdata/roaming/arduino15/packages/arduino/tools/arm-none-eabi-gcc/4.8.3-2014q1/bin/../lib/gcc/arm-none-eabi/4.8.3/armv7-m\libgcc.a
START GROUP
LOAD c:/users/rclark/appdata/roaming/arduino15/packages/arduino/tools/arm-none-eabi-gcc/4.8.3-2014q1/bin/../lib/gcc/arm-none-eabi/4.8.3/armv7-m\libgcc.a
LOAD c:/users/rclark/appdata/roaming/arduino15/packages/arduino/tools/arm-none-eabi-gcc/4.8.3-2014q1/bin/../lib/gcc/arm-none-eabi/4.8.3/../../../../arm-none-eabi/lib/armv7-m\libg.a
LOAD c:/users/rclark/appdata/roaming/arduino15/packages/arduino/tools/arm-none-eabi-gcc/4.8.3-2014q1/bin/../lib/gcc/arm-none-eabi/4.8.3/../../../../arm-none-eabi/lib/armv7-m\libc.a
END GROUP
                0x00000400                __Stack_Size = 0x400
                0x00000400                PROVIDE (_Stack_Size, __Stack_Size)
                0x20004c00                __Stack_Init = (_estack - __Stack_Size)
                0x20004c00                PROVIDE (_Stack_Init, __Stack_Init)
                0x00000100                _Minimum_Stack_Size = 0x100
                0x20005000                _estack = 0x20005000

.isr_vector     0x08000000       0xf0
                0x08000000                . = ALIGN (0x4)
 *(.isr_vector)
 .isr_vector    0x08000000       0xf0 build/stm32_lib/c_only_startup.o
                0x08000000                g_pfnVectors
                0x080000f0                . = ALIGN (0x4)

.flashtext      0x080000f0        0x0
                0x080000f0                . = ALIGN (0x4)
 *(.flashtext)
                0x080000f0                . = ALIGN (0x4)

.text           0x080000f0     0x17e4
                0x080000f0                . = ALIGN (0x4)
 *(.text)
 .text          0x080000f0       0x7a build/stm32_lib/cortexm3_macro.o
                0x080000f0                __WFI
                0x080000f4                __WFE
                0x080000f8                __SEV
                0x080000fc                __ISB
                0x08000102                __DSB
                0x08000108                __DMB
                0x0800010e                __SVC
                0x08000112                __MRS_CONTROL
                0x08000118                __MSR_CONTROL
                0x08000122                __MRS_PSP
                0x08000128                __MSR_PSP
                0x0800012e                __MRS_MSP
                0x08000134                __MSR_MSP
                0x0800013a                __RESETPRIMASK
                0x0800013e                __SETPRIMASK
                0x08000142                __READ_PRIMASK
                0x08000148                __RESETFAULTMASK
                0x0800014c                __SETFAULTMASK
                0x08000150                __READ_FAULTMASK
                0x08000156                __BASEPRICONFIG
                0x0800015c                __GetBASEPRI
                0x08000162                __REV_HalfWord
                0x08000166                __REV_Word
 *(.text.*)
 *fill*         0x0800016a        0x2 
 .text.Reset_Handler
                0x0800016c       0x48 build/stm32_lib/c_only_startup.o
                0x0800016c                Reset_Handler
 .text.Default_Handler
                0x080001b4        0x4 build/stm32_lib/c_only_startup.o
                0x080001b4                EXTI2_IRQHandler
                0x080001b4                DebugMon_Handler
                0x080001b4                TIM1_CC_IRQHandler
                0x080001b4                HardFault_Handler
                0x080001b4                SysTick_Handler
                0x080001b4                PVD_IRQHandler
                0x080001b4                PendSV_Handler
                0x080001b4                NMI_Handler
                0x080001b4                EXTI3_IRQHandler
                0x080001b4                EXTI0_IRQHandler
                0x080001b4                I2C2_EV_IRQHandler
                0x080001b4                UsageFault_Handler
                0x080001b4                ADC1_2_IRQHandler
                0x080001b4                SPI1_IRQHandler
                0x080001b4                TAMPER_IRQHandler
                0x080001b4                DMA1_Channel4_IRQHandler
                0x080001b4                USART3_IRQHandler
                0x080001b4                RTC_IRQHandler
                0x080001b4                DMA1_Channel7_IRQHandler
                0x080001b4                CAN1_RX1_IRQHandler
                0x080001b4                TIM4_IRQHandler
                0x080001b4                I2C1_EV_IRQHandler
                0x080001b4                DMA1_Channel6_IRQHandler
                0x080001b4                TIM3_IRQHandler
                0x080001b4                RCC_IRQHandler
                0x080001b4                TIM1_TRG_COM_IRQHandler
                0x080001b4                DMA1_Channel1_IRQHandler
                0x080001b4                Default_Handler
                0x080001b4                EXTI15_10_IRQHandler
                0x080001b4                EXTI9_5_IRQHandler
                0x080001b4                SPI2_IRQHandler
                0x080001b4                MemManage_Handler
                0x080001b4                SVC_Handler
                0x080001b4                DMA1_Channel5_IRQHandler
                0x080001b4                EXTI4_IRQHandler
                0x080001b4                USB_HP_CAN1_TX_IRQHandler
                0x080001b4                DMA1_Channel3_IRQHandler
                0x080001b4                TIM1_UP_IRQHandler
                0x080001b4                WWDG_IRQHandler
                0x080001b4                TIM2_IRQHandler
                0x080001b4                TIM1_BRK_IRQHandler
                0x080001b4                EXTI1_IRQHandler
                0x080001b4                RTCAlarm_IRQHandler
                0x080001b4                USART2_IRQHandler
                0x080001b4                I2C2_ER_IRQHandler
                0x080001b4                DMA1_Channel2_IRQHandler
                0x080001b4                CAN1_SCE_IRQHandler
                0x080001b4                FLASH_IRQHandler
                0x080001b4                BusFault_Handler
                0x080001b4                USART1_IRQHandler
                0x080001b4                I2C1_ER_IRQHandler
                0x080001b4                USBWakeUp_IRQHandler
 .text.nothingProc
                0x080001b8        0x2 build/usb.o
                0x080001b8                nothingProc
 .text.usbStatusIn
                0x080001ba        0x2 build/usb.o
                0x080001ba                usbStatusIn
 .text.usbStatusOut
                0x080001bc        0x2 build/usb.o
                0x080001bc                usbStatusOut
 .text.usbGetInterfaceSetting
                0x080001be        0xa build/usb.o
                0x080001be                usbGetInterfaceSetting
 .text.usbGetConfiguration
                0x080001c8        0x2 build/usb.o
                0x080001c8                usbGetConfiguration
 *fill*         0x080001ca        0x2 
 .text.usbSetConfiguration
                0x080001cc       0x18 build/usb.o
                0x080001cc                usbSetConfiguration
 .text.usbGetInterface
                0x080001e4        0x2 build/usb.o
                0x080001e4                usbGetInterface
 .text.usbSetInterface
                0x080001e6        0x2 build/usb.o
                0x080001e6                usbSetInterface
 .text.usbGetStatus
                0x080001e8        0x2 build/usb.o
                0x080001e8                usbGetStatus
 .text.usbClearFeature
                0x080001ea        0x2 build/usb.o
                0x080001ea                usbClearFeature
 .text.usbSetEndpointFeature
                0x080001ec        0x2 build/usb.o
                0x080001ec                usbSetEndpointFeature
 .text.usbSetDeviceFeature
                0x080001ee        0x2 build/usb.o
                0x080001ee                usbSetDeviceFeature
 .text.usbSetDeviceAddress
                0x080001f0        0xc build/usb.o
                0x080001f0                usbSetDeviceAddress
 .text.usbReset
                0x080001fc       0xa8 build/usb.o
                0x080001fc                usbReset
 .text.usbDataSetup
                0x080002a4       0x60 build/usb.o
                0x080002a4                usbDataSetup
 .text.usbGetDeviceDescriptor
                0x08000304        0xc build/usb.o
                0x08000304                usbGetDeviceDescriptor
 .text.usbGetConfigDescriptor
                0x08000310        0xc build/usb.o
                0x08000310                usbGetConfigDescriptor
 .text.usbGetStringDescriptor
                0x0800031c       0x20 build/usb.o
                0x0800031c                usbGetStringDescriptor
 .text.usbGetFunctionalDescriptor
                0x0800033c        0xc build/usb.o
                0x0800033c                usbGetFunctionalDescriptor
 .text.usbNoDataSetup
                0x08000348       0x28 build/usb.o
                0x08000348                usbNoDataSetup
 .text.setupUSB
                0x08000370       0x78 build/usb.o
                0x08000370                setupUSB
 .text.usbSuspend
                0x080003e8       0x1c build/usb.o
                0x080003e8                usbSuspend
 .text.usbResumeInit
                0x08000404       0x18 build/usb.o
                0x08000404                usbResumeInit
 .text.usbResume
                0x0800041c       0x84 build/usb.o
                0x0800041c                usbResume
 .text.usbPowerOn
                0x080004a0       0x28 build/usb.o
                0x080004a0                usbPowerOn
 .text.usbPowerOff
                0x080004c8       0x1c build/usb.o
                0x080004c8                usbPowerOff
 .text.usbDsbBus
                0x080004e4        0x4 build/usb.o
                0x080004e4                usbDsbBus
 .text.usbEnbISR
                0x080004e8       0x24 build/usb.o
                0x080004e8                usbEnbISR
 .text.usbInit  0x0800050c       0x40 build/usb.o
                0x0800050c                usbInit
 .text.usbDsbISR
                0x0800054c       0x22 build/usb.o
                0x0800054c                usbDsbISR
 *fill*         0x0800056e        0x2 
 .text.USB_LP_CAN1_RX0_IRQHandler
                0x08000570       0xb4 build/usb.o
                0x08000570                USB_LP_CAN1_RX0_IRQHandler
 .text.startup.main
                0x08000624       0xb8 build/main.o
                0x08000624                main
 .text.gpio_write_bit
                0x080006dc       0x16 build/hardware.o
                0x080006dc                gpio_write_bit
 .text.readButtonState
                0x080006f2        0x4 build/hardware.o
                0x080006f2                readButtonState
 .text.strobePin
                0x080006f6       0x50 build/hardware.o
                0x080006f6                strobePin
 *fill*         0x08000746        0x2 
 .text.systemReset
                0x08000748       0x48 build/hardware.o
                0x08000748                systemReset
 .text.setupCLK
                0x08000790       0x60 build/hardware.o
                0x08000790                setupCLK
 .text.setupLEDAndButton
                0x080007f0       0x14 build/hardware.o
                0x080007f0                setupLEDAndButton
 .text.setupFLASH
                0x08000804       0x1c build/hardware.o
                0x08000804                setupFLASH
 .text.checkUserCode
                0x08000820       0x14 build/hardware.o
                0x08000820                checkUserCode
 .text.nvicInit
                0x08000834       0x6c build/hardware.o
                0x08000834                nvicInit
 .text.nvicDisableInterrupts
                0x080008a0       0x24 build/hardware.o
                0x080008a0                nvicDisableInterrupts
 .text.jumpToUser
                0x080008c4       0x2c build/hardware.o
                0x080008c4                jumpToUser
 .text.systemHardReset
                0x080008f0       0x14 build/hardware.o
                0x080008f0                systemHardReset
 .text.flashErasePage
                0x08000904       0x34 build/hardware.o
                0x08000904                flashErasePage
 .text.flashWriteWord
                0x08000938       0x4c build/hardware.o
                0x08000938                flashWriteWord
 .text.flashLock
                0x08000984        0xc build/hardware.o
                0x08000984                flashLock
 .text.flashUnlock
                0x08000990       0x18 build/hardware.o
                0x08000990                flashUnlock
 .text.crMask   0x080009a8       0x12 build/hardware.o
                0x080009a8                crMask
 *fill*         0x080009ba        0x2 
 .text.getFlashEnd
                0x080009bc       0x10 build/hardware.o
                0x080009bc                getFlashEnd
 .text.getFlashPageSize
                0x080009cc       0x18 build/hardware.o
                0x080009cc                getFlashPageSize
 .text.dfuInit  0x080009e4       0x5c build/dfu.o
                0x080009e4                dfuInit
 .text.dfuUpdateByReset
                0x08000a40       0x44 build/dfu.o
                0x08000a40                dfuUpdateByReset
 .text.dfuCopyState
                0x08000a84       0x18 build/dfu.o
                0x08000a84                dfuCopyState
 .text.dfuCopyStatus
                0x08000a9c       0x18 build/dfu.o
                0x08000a9c                dfuCopyStatus
 .text.dfuCopyDNLOAD
                0x08000ab4       0x28 build/dfu.o
                0x08000ab4                dfuCopyDNLOAD
 .text.dfuCopyUPLOAD
                0x08000adc       0x34 build/dfu.o
                0x08000adc                dfuCopyUPLOAD
 .text.dfuCopyBufferToExec
                0x08000b10       0x5c build/dfu.o
                0x08000b10                dfuCopyBufferToExec
 .text.dfuUpdateByRequest
                0x08000b6c      0x234 build/dfu.o
                0x08000b6c                dfuUpdateByRequest
 .text.dfuUploadStarted
                0x08000da0        0xc build/dfu.o
                0x08000da0                dfuUploadStarted
 .text.dfuFinishUpload
                0x08000dac        0x4 build/dfu.o
                0x08000dac                dfuFinishUpload
 .text.SetEPTxStatus
                0x08000db0       0x2a build/usb_lib/usb_regs.o
                0x08000db0                SetEPTxStatus
 .text.SetEPRxValid
                0x08000dda       0x1e build/usb_lib/usb_regs.o
                0x08000dda                SetEPRxValid
 .text.Clear_Status_Out
                0x08000df8       0x1c build/usb_lib/usb_regs.o
                0x08000df8                Clear_Status_Out
 .text.ClearDTOG_RX
                0x08000e14       0x20 build/usb_lib/usb_regs.o
                0x08000e14                ClearDTOG_RX
 .text.ClearDTOG_TX
                0x08000e34       0x20 build/usb_lib/usb_regs.o
                0x08000e34                ClearDTOG_TX
 .text.GetEPTxAddr
                0x08000e54       0x1c build/usb_lib/usb_regs.o
                0x08000e54                GetEPTxAddr
 .text.GetEPRxAddr
                0x08000e70       0x1c build/usb_lib/usb_regs.o
                0x08000e70                GetEPRxAddr
 .text.SetEPTxCount
                0x08000e8c       0x1c build/usb_lib/usb_regs.o
                0x08000e8c                SetEPTxCount
 .text.SetEPRxCount
                0x08000ea8       0x40 build/usb_lib/usb_regs.o
                0x08000ea8                SetEPRxCount
 .text.CTR_LP   0x08000ee8      0x154 build/usb_lib/usb_int.o
                0x08000ee8                CTR_LP
 .text.USB_Init
                0x0800103c       0x38 build/usb_lib/usb_init.o
                0x0800103c                USB_Init
 .text.Standard_GetConfiguration
                0x08001074       0x24 build/usb_lib/usb_core.o
                0x08001074                Standard_GetConfiguration
 .text.Standard_GetInterface
                0x08001098       0x24 build/usb_lib/usb_core.o
                0x08001098                Standard_GetInterface
 .text.Standard_GetStatus
                0x080010bc       0x90 build/usb_lib/usb_core.o
                0x080010bc                Standard_GetStatus
 .text.DataStageIn
                0x0800114c       0xa8 build/usb_lib/usb_core.o
 .text.Standard_SetConfiguration
                0x080011f4       0x38 build/usb_lib/usb_core.o
                0x080011f4                Standard_SetConfiguration
 .text.Standard_SetInterface
                0x0800122c       0x48 build/usb_lib/usb_core.o
                0x0800122c                Standard_SetInterface
 .text.Standard_ClearFeature
                0x08001274       0xd0 build/usb_lib/usb_core.o
                0x08001274                Standard_ClearFeature
 .text.Standard_SetEndPointFeature
                0x08001344       0x84 build/usb_lib/usb_core.o
                0x08001344                Standard_SetEndPointFeature
 .text.Standard_SetDeviceFeature
                0x080013c8       0x24 build/usb_lib/usb_core.o
                0x080013c8                Standard_SetDeviceFeature
 .text.Standard_GetDescriptorData
                0x080013ec       0x1c build/usb_lib/usb_core.o
                0x080013ec                Standard_GetDescriptorData
 .text.Post0_Process
                0x08001408       0x40 build/usb_lib/usb_core.o
                0x08001408                Post0_Process
 .text.Setup0_Process
                0x08001448      0x2dc build/usb_lib/usb_core.o
                0x08001448                Setup0_Process
 .text.Out0_Process
                0x08001724       0xc8 build/usb_lib/usb_core.o
                0x08001724                Out0_Process
 .text.SetDeviceAddress
                0x080017ec       0x38 build/usb_lib/usb_core.o
                0x080017ec                SetDeviceAddress
 .text.In0_Process
                0x08001824       0x5c build/usb_lib/usb_core.o
                0x08001824                In0_Process
 .text.UserToPMABufferCopy
                0x08001880       0x30 build/usb_lib/usb_mem.o
                0x08001880                UserToPMABufferCopy
 .text.PMAToUserBufferCopy
                0x080018b0       0x24 build/usb_lib/usb_mem.o
                0x080018b0                PMAToUserBufferCopy
 *(.rodata)
 *(.rodata*)
 *(.glue_7)
 .glue_7        0x00000000        0x0 linker stubs
 *(.glue_7t)
 .glue_7t       0x00000000        0x0 linker stubs
                0x080018d4                . = ALIGN (0x4)
                0x080018d4                _etext = .
                0x080018d4                _sidata = _etext

.vfp11_veneer   0x080018d4        0x0
 .vfp11_veneer  0x00000000        0x0 linker stubs

.v4_bx          0x080018d4        0x0
 .v4_bx         0x00000000        0x0 linker stubs

.iplt           0x080018d4        0x0
 .iplt          0x00000000        0x0 build/stm32_lib/c_only_startup.o

.rel.dyn        0x080018d4        0x0
 .rel.iplt      0x00000000        0x0 build/stm32_lib/c_only_startup.o

.data           0x20000000      0x2c8 load address 0x080018d4
                0x20000000                . = ALIGN (0x4)
                0x20000000                _sdata = .
 *(.data)
 .data          0x20000000        0x0 build/stm32_lib/c_only_startup.o
 .data          0x20000000        0x0 build/stm32_lib/cortexm3_macro.o
 .data          0x20000000        0x0 build/usb.o
 .data          0x20000000        0x0 build/usb_callbacks.o
 .data          0x20000000        0x0 build/usb_descriptor.o
 .data          0x20000000        0x0 build/main.o
 .data          0x20000000        0x0 build/hardware.o
 .data          0x20000000        0x0 build/dfu.o
 .data          0x20000000        0x0 build/usb_lib/usb_regs.o
 .data          0x20000000        0x0 build/usb_lib/usb_int.o
 .data          0x20000000        0x0 build/usb_lib/usb_init.o
 .data          0x20000000        0x0 build/usb_lib/usb_core.o
 .data          0x20000000        0x0 build/usb_lib/usb_mem.o
 *(.data.*)
 .data.Device_Property
                0x20000000       0x34 build/usb.o
                0x20000000                Device_Property
 .data.pEpInt_IN
                0x20000034       0x1c build/usb.o
                0x20000034                pEpInt_IN
 .data.pEpInt_OUT
                0x20000050       0x1c build/usb.o
                0x20000050                pEpInt_OUT
 .data.User_Standard_Requests
                0x2000006c       0x24 build/usb.o
                0x2000006c                User_Standard_Requests
 .data.Device_Table
                0x20000090        0x2 build/usb.o
                0x20000090                Device_Table
 *fill*         0x20000092        0x2 
 .data.usbStringDescriptor
                0x20000094       0x38 build/usb_descriptor.o
                0x20000094                usbStringDescriptor
 .data.u8_usbDeviceDescriptorDFU
                0x200000cc       0x12 build/usb_descriptor.o
                0x200000cc                u8_usbDeviceDescriptorDFU
 *fill*         0x200000de        0x2 
 .data.usbFunctionalDescriptor
                0x200000e0        0x8 build/usb_descriptor.o
                0x200000e0                usbFunctionalDescriptor
 .data.u8_usbStringLangId
                0x200000e8        0x4 build/usb_descriptor.o
                0x200000e8                u8_usbStringLangId
 .data.u8_usbConfigDescriptorDFU
                0x200000ec       0x2d build/usb_descriptor.o
                0x200000ec                u8_usbConfigDescriptorDFU
 .data.u8_usbStringSerial
                0x20000119       0x10 build/usb_descriptor.o
                0x20000119                u8_usbStringSerial
 .data.u8_usbFunctionalDescriptor
                0x20000129        0x9 build/usb_descriptor.o
                0x20000129                u8_usbFunctionalDescriptor
 .data.u8_usbStringVendor
                0x20000132       0x12 build/usb_descriptor.o
                0x20000132                u8_usbStringVendor
 .data.usbDeviceDescriptorDFU
                0x20000144        0x8 build/usb_descriptor.o
                0x20000144                usbDeviceDescriptorDFU
 .data.u8_usbStringProduct
                0x2000014c       0x14 build/usb_descriptor.o
                0x2000014c                u8_usbStringProduct
 .data.u8_usbStringAlt0
                0x20000160       0x80 build/usb_descriptor.o
                0x20000160                u8_usbStringAlt0
 .data.u8_usbStringAlt1
                0x200001e0       0x6c build/usb_descriptor.o
                0x200001e0                u8_usbStringAlt1
 .data.u8_usbStringAlt2
                0x2000024c       0x6c build/usb_descriptor.o
                0x2000024c                u8_usbStringAlt2
 .data.usbConfigDescriptorDFU
                0x200002b8        0x8 build/usb_descriptor.o
                0x200002b8                usbConfigDescriptorDFU
 .data.userAppEnd
                0x200002c0        0x4 build/dfu.o
 .data.userAppAddr
                0x200002c4        0x4 build/dfu.o
                0x200002c8                . = ALIGN (0x4)
                0x200002c8                _edata = .

.igot.plt       0x200002c8        0x0 load address 0x08001b9c
 .igot.plt      0x00000000        0x0 build/stm32_lib/c_only_startup.o

.bss            0x200002c8       0x44 load address 0x08001b9c
                0x200002c8                . = ALIGN (0x4)
                0x200002c8                _sbss = .
 *(.bss)
 *(COMMON)
 COMMON         0x200002c8        0x8 build/usb.o
                0x200002c8                wTransferSize
                0x200002cc                wIstr
                0x200002ce                ResumeS
 COMMON         0x200002d0        0x1 build/dfu.o
                0x200002d0                code_copy_lock
 *fill*         0x200002d1        0x1 
 COMMON         0x200002d2        0x4 build/usb_lib/usb_int.o
                0x200002d2                SaveRState
                0x200002d4                SaveTState
 *fill*         0x200002d6        0x2 
 COMMON         0x200002d8       0x32 build/usb_lib/usb_init.o
                0x200002d8                SaveState
                0x200002dc                pProperty
                0x200002e0                EPindex
                0x200002e4                Device_Info
                0x20000300                pUser_Standard_Requests
                0x20000304                pInformation
                0x20000308                wInterrupt_Mask
 COMMON         0x2000030a        0x2 build/usb_lib/usb_core.o
                0x2000030a                StatusInfo
                0x2000030c                . = ALIGN (0x4)
                0x2000030c                _ebss = .
                0x2000030c                PROVIDE (end, _ebss)
                0x2000030c                PROVIDE (_end, _ebss)

.bss.bIntPackSOF
                0x2000030c        0x1 load address 0x08001be0
 .bss.bIntPackSOF
                0x2000030c        0x1 build/usb.o
                0x2000030c                bIntPackSOF

.bss.bDeviceState
                0x20000310        0x4 load address 0x08001be4
 .bss.bDeviceState
                0x20000310        0x4 build/usb.o
                0x20000310                bDeviceState

.bss.recvBuffer
                0x20000314      0x800 load address 0x08001be8
 .bss.recvBuffer
                0x20000314      0x800 build/dfu.o

.bss.uploadBlockLen
                0x20000b14        0x2 load address 0x080023e8
 .bss.uploadBlockLen
                0x20000b14        0x2 build/dfu.o

.bss.thisBlockLen
                0x20000b16        0x2 load address 0x080023ea
 .bss.thisBlockLen
                0x20000b16        0x2 build/dfu.o

.bss.userFirmwareLen
                0x20000b18        0x4 load address 0x080023ec
 .bss.userFirmwareLen
                0x20000b18        0x4 build/dfu.o

.bss.userUploadType
                0x20000b1c        0x1 load address 0x080023f0
 .bss.userUploadType
                0x20000b1c        0x1 build/dfu.o
                0x20000b1c                userUploadType

.bss.dfuAppStatus
                0x20000b1d        0x6 load address 0x080023f1
 .bss.dfuAppStatus
                0x20000b1d        0x6 build/dfu.o

.bss.dfuBusy    0x20000b23        0x1 load address 0x080023f7
 .bss.dfuBusy   0x20000b23        0x1 build/dfu.o
                0x20000b23                dfuBusy

.bss.Data_Mul_MaxPacketSize
                0x20000b24        0x1 load address 0x080023f8
 .bss.Data_Mul_MaxPacketSize
                0x20000b24        0x1 build/usb_lib/usb_core.o
                0x20000b24                Data_Mul_MaxPacketSize

._usrstack      0x20000b25      0x103 load address 0x080023f9
                0x20000b28                . = ALIGN (0x4)
 *fill*         0x20000b25        0x3 
                0x20000b28                _susrstack = .
                0x20000c28                . = (. + _Minimum_Stack_Size)
 *fill*         0x20000b28      0x100 
                0x20000c28                . = ALIGN (0x4)
                0x20000c28                _eusrstack = .

DISCARD
 libc.a(*)
 libm.a(*)
 libgcc.a(*)

.stab
 *(.stab)

.stabstr
 *(.stabstr)

.stab.excl
 *(.stab.excl)

.stab.exclstr
 *(.stab.exclstr)

.stab.index
 *(.stab.index)

.stab.indexstr
 *(.stab.indexstr)

.comment        0x00000000       0x70
 *(.comment)
 .comment       0x00000000       0x70 build/usb.o
                                 0x71 (size before relaxing)
 .comment       0x00000000       0x71 build/usb_callbacks.o
 .comment       0x00000000       0x71 build/usb_descriptor.o
 .comment       0x00000000       0x71 build/main.o
 .comment       0x00000000       0x71 build/hardware.o
 .comment       0x00000000       0x71 build/dfu.o
 .comment       0x00000000       0x71 build/usb_lib/usb_regs.o
 .comment       0x00000000       0x71 build/usb_lib/usb_int.o
 .comment       0x00000000       0x71 build/usb_lib/usb_init.o
 .comment       0x00000000       0x71 build/usb_lib/usb_core.o
 .comment       0x00000000       0x71 build/usb_lib/usb_mem.o

.ARM.attributes
                0x00000000       0x2f
 .ARM.attributes
                0x00000000       0x21 build/stm32_lib/c_only_startup.o
 .ARM.attributes
                0x00000021       0x21 build/stm32_lib/cortexm3_macro.o
 .ARM.attributes
                0x00000042       0x33 build/usb.o
 .ARM.attributes
                0x00000075       0x33 build/usb_callbacks.o
 .ARM.attributes
                0x000000a8       0x33 build/usb_descriptor.o
 .ARM.attributes
                0x000000db       0x33 build/main.o
 .ARM.attributes
                0x0000010e       0x33 build/hardware.o
 .ARM.attributes
                0x00000141       0x33 build/dfu.o
 .ARM.attributes
                0x00000174       0x33 build/usb_lib/usb_regs.o
 .ARM.attributes
                0x000001a7       0x33 build/usb_lib/usb_int.o
 .ARM.attributes
                0x000001da       0x33 build/usb_lib/usb_init.o
 .ARM.attributes
                0x0000020d       0x33 build/usb_lib/usb_core.o
 .ARM.attributes
                0x00000240       0x33 build/usb_lib/usb_mem.o

.debug
 *(.debug)

.line
 *(.line)

.debug_srcinfo
 *(.debug_srcinfo)

.debug_sfnames
 *(.debug_sfnames)

.debug_aranges  0x00000000      0x5d0
 *(.debug_aranges)
 .debug_aranges
                0x00000000       0x28 build/stm32_lib/c_only_startup.o
 .debug_aranges
                0x00000028       0x20 build/stm32_lib/cortexm3_macro.o
 .debug_aranges
                0x00000048      0x118 build/usb.o
 .debug_aranges
                0x00000160       0x18 build/usb_descriptor.o
 .debug_aranges
                0x00000178       0x20 build/main.o
 .debug_aranges
                0x00000198       0xc0 build/hardware.o
 .debug_aranges
                0x00000258       0x80 build/dfu.o
 .debug_aranges
                0x000002d8      0x1f0 build/usb_lib/usb_regs.o
 .debug_aranges
                0x000004c8       0x28 build/usb_lib/usb_int.o
 .debug_aranges
                0x000004f0       0x20 build/usb_lib/usb_init.o
 .debug_aranges
                0x00000510       0x98 build/usb_lib/usb_core.o
 .debug_aranges
                0x000005a8       0x28 build/usb_lib/usb_mem.o

.debug_pubnames
 *(.debug_pubnames)

.debug_info     0x00000000     0x4430
 *(.debug_info .gnu.linkonce.wi.*)
 .debug_info    0x00000000       0x7e build/stm32_lib/c_only_startup.o
 .debug_info    0x0000007e       0x84 build/stm32_lib/cortexm3_macro.o
 .debug_info    0x00000102      0xd10 build/usb.o
 .debug_info    0x00000e12      0x241 build/usb_descriptor.o
 .debug_info    0x00001053      0x2d2 build/main.o
 .debug_info    0x00001325      0x8f5 build/hardware.o
 .debug_info    0x00001c1a      0x659 build/dfu.o
 .debug_info    0x00002273      0xc8c build/usb_lib/usb_regs.o
 .debug_info    0x00002eff      0x1dc build/usb_lib/usb_int.o
 .debug_info    0x000030db      0x3fd build/usb_lib/usb_init.o
 .debug_info    0x000034d8      0xde4 build/usb_lib/usb_core.o
 .debug_info    0x000042bc      0x174 build/usb_lib/usb_mem.o

.debug_abbrev   0x00000000     0x138c
 *(.debug_abbrev)
 .debug_abbrev  0x00000000       0x12 build/stm32_lib/c_only_startup.o
 .debug_abbrev  0x00000012       0x14 build/stm32_lib/cortexm3_macro.o
 .debug_abbrev  0x00000026      0x3b8 build/usb.o
 .debug_abbrev  0x000003de       0x8a build/usb_descriptor.o
 .debug_abbrev  0x00000468      0x121 build/main.o
 .debug_abbrev  0x00000589      0x340 build/hardware.o
 .debug_abbrev  0x000008c9      0x2c5 build/dfu.o
 .debug_abbrev  0x00000b8e      0x1f5 build/usb_lib/usb_regs.o
 .debug_abbrev  0x00000d83       0xda build/usb_lib/usb_int.o
 .debug_abbrev  0x00000e5d      0x103 build/usb_lib/usb_init.o
 .debug_abbrev  0x00000f60      0x3a1 build/usb_lib/usb_core.o
 .debug_abbrev  0x00001301       0x8b build/usb_lib/usb_mem.o

.debug_line     0x00000000     0x146d
 *(.debug_line)
 .debug_line    0x00000000       0x75 build/stm32_lib/c_only_startup.o
 .debug_line    0x00000075       0xa6 build/stm32_lib/cortexm3_macro.o
 .debug_line    0x0000011b      0x389 build/usb.o
 .debug_line    0x000004a4        0x0 build/usb_callbacks.o
 .debug_line    0x000004a4       0x72 build/usb_descriptor.o
 .debug_line    0x00000516       0xa9 build/main.o
 .debug_line    0x000005bf      0x2ab build/hardware.o
 .debug_line    0x0000086a      0x232 build/dfu.o
 .debug_line    0x00000a9c      0x4cb build/usb_lib/usb_regs.o
 .debug_line    0x00000f67       0xb8 build/usb_lib/usb_int.o
 .debug_line    0x0000101f       0x67 build/usb_lib/usb_init.o
 .debug_line    0x00001086      0x354 build/usb_lib/usb_core.o
 .debug_line    0x000013da       0x93 build/usb_lib/usb_mem.o

.debug_frame    0x00000000      0xc34
 *(.debug_frame)
 .debug_frame   0x00000000      0x298 build/usb.o
 .debug_frame   0x00000298       0x38 build/main.o
 .debug_frame   0x000002d0      0x1cc build/hardware.o
 .debug_frame   0x0000049c      0x114 build/dfu.o
 .debug_frame   0x000005b0      0x3d8 build/usb_lib/usb_regs.o
 .debug_frame   0x00000988       0x4c build/usb_lib/usb_int.o
 .debug_frame   0x000009d4       0x2c build/usb_lib/usb_init.o
 .debug_frame   0x00000a00      0x1ec build/usb_lib/usb_core.o
 .debug_frame   0x00000bec       0x48 build/usb_lib/usb_mem.o

.debug_str      0x00000000     0x176d
 *(.debug_str)
 .debug_str     0x00000000      0x98a build/usb.o
                                0xb0a (size before relaxing)
 .debug_str     0x0000098a        0x0 build/usb_callbacks.o
 .debug_str     0x0000098a       0xc1 build/usb_descriptor.o
                                0x2ce (size before relaxing)
 .debug_str     0x00000a4b       0xbb build/main.o
                                0x21a (size before relaxing)
 .debug_str     0x00000b06      0x21e build/hardware.o
                                0x4c8 (size before relaxing)
 .debug_str     0x00000d24      0x1ee build/dfu.o
                                0x53d (size before relaxing)
 .debug_str     0x00000f12      0x3ab build/usb_lib/usb_regs.o
                                0x521 (size before relaxing)
 .debug_str     0x000012bd       0x66 build/usb_lib/usb_int.o
                                0x1c9 (size before relaxing)
 .debug_str     0x00001323       0x41 build/usb_lib/usb_init.o
                                0x4fb (size before relaxing)
 .debug_str     0x00001364      0x3c7 build/usb_lib/usb_core.o
                                0xa93 (size before relaxing)
 .debug_str     0x0000172b       0x42 build/usb_lib/usb_mem.o
                                0x199 (size before relaxing)

.debug_loc      0x00000000     0x1fea
 *(.debug_loc)
 .debug_loc     0x00000000      0x246 build/usb.o
 .debug_loc     0x00000246       0x57 build/main.o
 .debug_loc     0x0000029d      0x471 build/hardware.o
 .debug_loc     0x0000070e      0x142 build/dfu.o
 .debug_loc     0x00000850      0xbab build/usb_lib/usb_regs.o
 .debug_loc     0x000013fb      0x1a4 build/usb_lib/usb_int.o
 .debug_loc     0x0000159f      0x7b8 build/usb_lib/usb_core.o
 .debug_loc     0x00001d57      0x293 build/usb_lib/usb_mem.o

.debug_macinfo
 *(.debug_macinfo)

.debug_weaknames
 *(.debug_weaknames)

.debug_funcnames
 *(.debug_funcnames)

.debug_typenames
 *(.debug_typenames)

.debug_varnames
 *(.debug_varnames)
OUTPUT(build/maple_boot.elf elf32-littlearm)

.debug_ranges   0x00000000      0x600
 .debug_ranges  0x00000000       0x20 build/stm32_lib/c_only_startup.o
 .debug_ranges  0x00000020      0x108 build/usb.o
 .debug_ranges  0x00000128       0x10 build/main.o
 .debug_ranges  0x00000138       0xc8 build/hardware.o
 .debug_ranges  0x00000200       0x70 build/dfu.o
 .debug_ranges  0x00000270      0x290 build/usb_lib/usb_regs.o
 .debug_ranges  0x00000500       0x18 build/usb_lib/usb_int.o
 .debug_ranges  0x00000518       0x10 build/usb_lib/usb_init.o
 .debug_ranges  0x00000528       0xc0 build/usb_lib/usb_core.o
 .debug_ranges  0x000005e8       0x18 build/usb_lib/usb_mem.o

Cross Reference Table

Symbol                                            File
ADC1_2_IRQHandler                                 build/stm32_lib/c_only_startup.o
BusFault_Handler                                  build/stm32_lib/c_only_startup.o
ByteSwap                                          build/usb_lib/usb_regs.o
CAN1_RX1_IRQHandler                               build/stm32_lib/c_only_startup.o
CAN1_SCE_IRQHandler                               build/stm32_lib/c_only_startup.o
CTR_HP                                            build/usb_lib/usb_int.o
CTR_LP                                            build/usb_lib/usb_int.o
                                                  build/usb.o
ClearDTOG_RX                                      build/usb_lib/usb_regs.o
                                                  build/usb_lib/usb_core.o
ClearDTOG_TX                                      build/usb_lib/usb_regs.o
                                                  build/usb_lib/usb_core.o
ClearEPDoubleBuff                                 build/usb_lib/usb_regs.o
ClearEP_CTR_RX                                    build/usb_lib/usb_regs.o
ClearEP_CTR_TX                                    build/usb_lib/usb_regs.o
ClearEP_KIND                                      build/usb_lib/usb_regs.o
Clear_Status_Out                                  build/usb_lib/usb_regs.o
                                                  build/usb.o
DMA1_Channel1_IRQHandler                          build/stm32_lib/c_only_startup.o
DMA1_Channel2_IRQHandler                          build/stm32_lib/c_only_startup.o
DMA1_Channel3_IRQHandler                          build/stm32_lib/c_only_startup.o
DMA1_Channel4_IRQHandler                          build/stm32_lib/c_only_startup.o
DMA1_Channel5_IRQHandler                          build/stm32_lib/c_only_startup.o
DMA1_Channel6_IRQHandler                          build/stm32_lib/c_only_startup.o
DMA1_Channel7_IRQHandler                          build/stm32_lib/c_only_startup.o
Data_Mul_MaxPacketSize                            build/usb_lib/usb_core.o
DebugMon_Handler                                  build/stm32_lib/c_only_startup.o
Default_Handler                                   build/stm32_lib/c_only_startup.o
Device_Info                                       build/usb_lib/usb_init.o
Device_Property                                   build/usb.o
                                                  build/usb_lib/usb_core.o
                                                  build/usb_lib/usb_init.o
Device_Table                                      build/usb.o
                                                  build/usb_lib/usb_core.o
EPindex                                           build/usb_lib/usb_init.o
                                                  build/usb_lib/usb_int.o
EXTI0_IRQHandler                                  build/stm32_lib/c_only_startup.o
EXTI15_10_IRQHandler                              build/stm32_lib/c_only_startup.o
EXTI1_IRQHandler                                  build/stm32_lib/c_only_startup.o
EXTI2_IRQHandler                                  build/stm32_lib/c_only_startup.o
EXTI3_IRQHandler                                  build/stm32_lib/c_only_startup.o
EXTI4_IRQHandler                                  build/stm32_lib/c_only_startup.o
EXTI9_5_IRQHandler                                build/stm32_lib/c_only_startup.o
FLASH_IRQHandler                                  build/stm32_lib/c_only_startup.o
FreeUserBuffer                                    build/usb_lib/usb_regs.o
GetBTABLE                                         build/usb_lib/usb_regs.o
GetCNTR                                           build/usb_lib/usb_regs.o
GetDADDR                                          build/usb_lib/usb_regs.o
GetENDPOINT                                       build/usb_lib/usb_regs.o
GetEPAddress                                      build/usb_lib/usb_regs.o
GetEPDblBuf0Addr                                  build/usb_lib/usb_regs.o
GetEPDblBuf0Count                                 build/usb_lib/usb_regs.o
GetEPDblBuf1Addr                                  build/usb_lib/usb_regs.o
GetEPDblBuf1Count                                 build/usb_lib/usb_regs.o
GetEPDblBufDir                                    build/usb_lib/usb_regs.o
GetEPRxAddr                                       build/usb_lib/usb_regs.o
                                                  build/usb_lib/usb_core.o
GetEPRxCount                                      build/usb_lib/usb_regs.o
GetEPRxStatus                                     build/usb_lib/usb_regs.o
GetEPTxAddr                                       build/usb_lib/usb_regs.o
                                                  build/usb_lib/usb_core.o
GetEPTxCount                                      build/usb_lib/usb_regs.o
GetEPTxStatus                                     build/usb_lib/usb_regs.o
GetEPType                                         build/usb_lib/usb_regs.o
GetFNR                                            build/usb_lib/usb_regs.o
GetISTR                                           build/usb_lib/usb_regs.o
GetRxStallStatus                                  build/usb_lib/usb_regs.o
GetTxStallStatus                                  build/usb_lib/usb_regs.o
HardFault_Handler                                 build/stm32_lib/c_only_startup.o
I2C1_ER_IRQHandler                                build/stm32_lib/c_only_startup.o
I2C1_EV_IRQHandler                                build/stm32_lib/c_only_startup.o
I2C2_ER_IRQHandler                                build/stm32_lib/c_only_startup.o
I2C2_EV_IRQHandler                                build/stm32_lib/c_only_startup.o
In0_Process                                       build/usb_lib/usb_core.o
                                                  build/usb_lib/usb_int.o
MemManage_Handler                                 build/stm32_lib/c_only_startup.o
NMI_Handler                                       build/stm32_lib/c_only_startup.o
NOP_Process                                       build/usb_lib/usb_core.o
Out0_Process                                      build/usb_lib/usb_core.o
                                                  build/usb_lib/usb_int.o
PMAToUserBufferCopy                               build/usb_lib/usb_mem.o
                                                  build/usb_lib/usb_core.o
PVD_IRQHandler                                    build/stm32_lib/c_only_startup.o
PendSV_Handler                                    build/stm32_lib/c_only_startup.o
Post0_Process                                     build/usb_lib/usb_core.o
RCC_IRQHandler                                    build/stm32_lib/c_only_startup.o
RTCAlarm_IRQHandler                               build/stm32_lib/c_only_startup.o
RTC_IRQHandler                                    build/stm32_lib/c_only_startup.o
Reset_Handler                                     build/stm32_lib/c_only_startup.o
ResumeS                                           build/usb.o
SPI1_IRQHandler                                   build/stm32_lib/c_only_startup.o
SPI2_IRQHandler                                   build/stm32_lib/c_only_startup.o
SVC_Handler                                       build/stm32_lib/c_only_startup.o
SaveRState                                        build/usb_lib/usb_core.o
                                                  build/usb_lib/usb_int.o
SaveState                                         build/usb_lib/usb_init.o
SaveTState                                        build/usb_lib/usb_core.o
                                                  build/usb_lib/usb_int.o
SetBTABLE                                         build/usb_lib/usb_regs.o
SetCNTR                                           build/usb_lib/usb_regs.o
SetDADDR                                          build/usb_lib/usb_regs.o
SetDeviceAddress                                  build/usb_lib/usb_core.o
                                                  build/usb.o
SetDouBleBuffEPStall                              build/usb_lib/usb_regs.o
SetENDPOINT                                       build/usb_lib/usb_regs.o
SetEPAddress                                      build/usb_lib/usb_regs.o
SetEPCountRxReg                                   build/usb_lib/usb_regs.o
SetEPDblBuf0Addr                                  build/usb_lib/usb_regs.o
SetEPDblBuf0Count                                 build/usb_lib/usb_regs.o
SetEPDblBuf1Addr                                  build/usb_lib/usb_regs.o
SetEPDblBuf1Count                                 build/usb_lib/usb_regs.o
SetEPDblBuffAddr                                  build/usb_lib/usb_regs.o
SetEPDblBuffCount                                 build/usb_lib/usb_regs.o
SetEPDoubleBuff                                   build/usb_lib/usb_regs.o
SetEPRxAddr                                       build/usb_lib/usb_regs.o
SetEPRxCount                                      build/usb_lib/usb_regs.o
                                                  build/usb_lib/usb_core.o
                                                  build/usb.o
SetEPRxStatus                                     build/usb_lib/usb_regs.o
SetEPRxValid                                      build/usb_lib/usb_regs.o
                                                  build/usb.o
SetEPTxAddr                                       build/usb_lib/usb_regs.o
SetEPTxCount                                      build/usb_lib/usb_regs.o
                                                  build/usb_lib/usb_core.o
SetEPTxStatus                                     build/usb_lib/usb_regs.o
                                                  build/usb_lib/usb_core.o
SetEPTxValid                                      build/usb_lib/usb_regs.o
SetEPType                                         build/usb_lib/usb_regs.o
SetEP_KIND                                        build/usb_lib/usb_regs.o
SetISTR                                           build/usb_lib/usb_regs.o
Set_Status_Out                                    build/usb_lib/usb_regs.o
Setup0_Process                                    build/usb_lib/usb_core.o
                                                  build/usb_lib/usb_int.o
Standard_ClearFeature                             build/usb_lib/usb_core.o
Standard_GetConfiguration                         build/usb_lib/usb_core.o
Standard_GetDescriptorData                        build/usb_lib/usb_core.o
                                                  build/usb.o
Standard_GetInterface                             build/usb_lib/usb_core.o
Standard_GetStatus                                build/usb_lib/usb_core.o
Standard_SetConfiguration                         build/usb_lib/usb_core.o
Standard_SetDeviceFeature                         build/usb_lib/usb_core.o
Standard_SetEndPointFeature                       build/usb_lib/usb_core.o
Standard_SetInterface                             build/usb_lib/usb_core.o
StatusInfo                                        build/usb_lib/usb_core.o
SysTick_Handler                                   build/stm32_lib/c_only_startup.o
SystemInit_ExtMemCtl_Dummy                        build/stm32_lib/c_only_startup.o
TAMPER_IRQHandler                                 build/stm32_lib/c_only_startup.o
TIM1_BRK_IRQHandler                               build/stm32_lib/c_only_startup.o
TIM1_CC_IRQHandler                                build/stm32_lib/c_only_startup.o
TIM1_TRG_COM_IRQHandler                           build/stm32_lib/c_only_startup.o
TIM1_UP_IRQHandler                                build/stm32_lib/c_only_startup.o
TIM2_IRQHandler                                   build/stm32_lib/c_only_startup.o
TIM3_IRQHandler                                   build/stm32_lib/c_only_startup.o
TIM4_IRQHandler                                   build/stm32_lib/c_only_startup.o
ToWord                                            build/usb_lib/usb_regs.o
ToggleDTOG_RX                                     build/usb_lib/usb_regs.o
ToggleDTOG_TX                                     build/usb_lib/usb_regs.o
USART1_IRQHandler                                 build/stm32_lib/c_only_startup.o
USART2_IRQHandler                                 build/stm32_lib/c_only_startup.o
USART3_IRQHandler                                 build/stm32_lib/c_only_startup.o
USBWakeUp_IRQHandler                              build/stm32_lib/c_only_startup.o
USB_HP_CAN1_TX_IRQHandler                         build/stm32_lib/c_only_startup.o
USB_Init                                          build/usb_lib/usb_init.o
                                                  build/usb.o
USB_LP_CAN1_RX0_IRQHandler                        build/usb.o
                                                  build/stm32_lib/c_only_startup.o
UsageFault_Handler                                build/stm32_lib/c_only_startup.o
UserToPMABufferCopy                               build/usb_lib/usb_mem.o
                                                  build/usb_lib/usb_core.o
User_Standard_Requests                            build/usb.o
                                                  build/usb_lib/usb_init.o
WWDG_IRQHandler                                   build/stm32_lib/c_only_startup.o
__BASEPRICONFIG                                   build/stm32_lib/cortexm3_macro.o
__DMB                                             build/stm32_lib/cortexm3_macro.o
__DSB                                             build/stm32_lib/cortexm3_macro.o
__GetBASEPRI                                      build/stm32_lib/cortexm3_macro.o
__ISB                                             build/stm32_lib/cortexm3_macro.o
__MRS_CONTROL                                     build/stm32_lib/cortexm3_macro.o
__MRS_MSP                                         build/stm32_lib/cortexm3_macro.o
__MRS_PSP                                         build/stm32_lib/cortexm3_macro.o
__MSR_CONTROL                                     build/stm32_lib/cortexm3_macro.o
__MSR_MSP                                         build/stm32_lib/cortexm3_macro.o
                                                  build/hardware.o
__MSR_PSP                                         build/stm32_lib/cortexm3_macro.o
__READ_FAULTMASK                                  build/stm32_lib/cortexm3_macro.o
__READ_PRIMASK                                    build/stm32_lib/cortexm3_macro.o
__RESETFAULTMASK                                  build/stm32_lib/cortexm3_macro.o
__RESETPRIMASK                                    build/stm32_lib/cortexm3_macro.o
__REV_HalfWord                                    build/stm32_lib/cortexm3_macro.o
__REV_Word                                        build/stm32_lib/cortexm3_macro.o
__SETFAULTMASK                                    build/stm32_lib/cortexm3_macro.o
__SETPRIMASK                                      build/stm32_lib/cortexm3_macro.o
__SEV                                             build/stm32_lib/cortexm3_macro.o
__SVC                                             build/stm32_lib/cortexm3_macro.o
__WFE                                             build/stm32_lib/cortexm3_macro.o
__WFI                                             build/stm32_lib/cortexm3_macro.o
_ebss                                             build/stm32_lib/c_only_startup.o
_edata                                            build/stm32_lib/c_only_startup.o
_estack                                           build/stm32_lib/c_only_startup.o
_sbss                                             build/stm32_lib/c_only_startup.o
_sdata                                            build/stm32_lib/c_only_startup.o
_sidata                                           build/stm32_lib/c_only_startup.o
bDeviceState                                      build/usb.o
bIntPackSOF                                       build/usb.o
checkUserCode                                     build/hardware.o
                                                  build/main.o
code_copy_lock                                    build/dfu.o
crMask                                            build/hardware.o
                                                  build/usb.o
dfuBusy                                           build/dfu.o
dfuCopyBufferToExec                               build/dfu.o
dfuCopyDNLOAD                                     build/dfu.o
                                                  build/usb.o
dfuCopyState                                      build/dfu.o
                                                  build/usb.o
dfuCopyStatus                                     build/dfu.o
                                                  build/usb.o
dfuCopyUPLOAD                                     build/dfu.o
                                                  build/usb.o
dfuFinishUpload                                   build/dfu.o
                                                  build/main.o
dfuGetState                                       build/dfu.o
dfuInit                                           build/dfu.o
                                                  build/usb.o
dfuSetState                                       build/dfu.o
dfuUpdateByRequest                                build/dfu.o
                                                  build/usb.o
dfuUpdateByReset                                  build/dfu.o
                                                  build/usb.o
dfuUpdateByTimeout                                build/dfu.o
dfuUploadStarted                                  build/dfu.o
                                                  build/main.o
flashErasePage                                    build/hardware.o
                                                  build/dfu.o
flashErasePages                                   build/hardware.o
flashLock                                         build/hardware.o
                                                  build/dfu.o
flashUnlock                                       build/hardware.o
                                                  build/dfu.o
flashWriteWord                                    build/hardware.o
                                                  build/dfu.o
g_pfnVectors                                      build/stm32_lib/c_only_startup.o
getFlashEnd                                       build/hardware.o
                                                  build/dfu.o
getFlashPageSize                                  build/hardware.o
                                                  build/usb.o
gpio_write_bit                                    build/hardware.o
                                                  build/usb.o
jumpToUser                                        build/hardware.o
                                                  build/main.o
main                                              build/main.o
                                                  build/stm32_lib/c_only_startup.o
nothingProc                                       build/usb.o
nvicDisableInterrupts                             build/hardware.o
                                                  build/dfu.o
nvicInit                                          build/hardware.o
                                                  build/usb.o
pEpInt_IN                                         build/usb.o
                                                  build/usb_lib/usb_int.o
pEpInt_OUT                                        build/usb.o
                                                  build/usb_lib/usb_int.o
pInformation                                      build/usb_lib/usb_core.o
                                                  build/usb_lib/usb_init.o
                                                  build/dfu.o
                                                  build/usb.o
pProperty                                         build/usb_lib/usb_core.o
                                                  build/usb_lib/usb_init.o
                                                  build/usb.o
pUser_Standard_Requests                           build/usb_lib/usb_core.o
                                                  build/usb_lib/usb_init.o
readButtonState                                   build/hardware.o
                                                  build/main.o
readPin                                           build/hardware.o
setupCLK                                          build/hardware.o
                                                  build/main.o
setupFLASH                                        build/hardware.o
                                                  build/dfu.o
                                                  build/main.o
setupLEDAndButton                                 build/hardware.o
                                                  build/main.o
setupUSB                                          build/usb.o
                                                  build/main.o
strobePin                                         build/hardware.o
                                                  build/main.o
systemHardReset                                   build/hardware.o
                                                  build/dfu.o
                                                  build/main.o
systemReset                                       build/hardware.o
                                                  build/main.o
u8_usbConfigDescriptorDFU                         build/usb_descriptor.o
                                                  build/usb.o
u8_usbDeviceDescriptorDFU                         build/usb_descriptor.o
u8_usbFunctionalDescriptor                        build/usb_descriptor.o
                                                  build/usb.o
u8_usbStringAlt0                                  build/usb_descriptor.o
u8_usbStringAlt1                                  build/usb_descriptor.o
u8_usbStringAlt2                                  build/usb_descriptor.o
u8_usbStringInterface                             build/usb_descriptor.o
u8_usbStringLangId                                build/usb_descriptor.o
u8_usbStringProduct                               build/usb_descriptor.o
u8_usbStringSerial                                build/usb_descriptor.o
u8_usbStringVendor                                build/usb_descriptor.o
usbAppInit                                        build/usb.o
usbClearFeature                                   build/usb.o
usbConfigDescriptorDFU                            build/usb_descriptor.o
                                                  build/usb.o
usbDataSetup                                      build/usb.o
usbDeviceDescriptorDFU                            build/usb_descriptor.o
                                                  build/usb.o
usbDsbBus                                         build/usb.o
                                                  build/hardware.o
usbDsbISR                                         build/usb.o
                                                  build/hardware.o
usbEnbISR                                         build/usb.o
                                                  build/dfu.o
usbFunctionalDescriptor                           build/usb_descriptor.o
                                                  build/usb.o
usbGetConfigDescriptor                            build/usb.o
usbGetConfiguration                               build/usb.o
usbGetDeviceDescriptor                            build/usb.o
usbGetFunctionalDescriptor                        build/usb.o
usbGetInterface                                   build/usb.o
usbGetInterfaceSetting                            build/usb.o
usbGetStatus                                      build/usb.o
usbGetStringDescriptor                            build/usb.o
usbInit                                           build/usb.o
usbNoDataSetup                                    build/usb.o
usbPowerOff                                       build/usb.o
usbPowerOn                                        build/usb.o
usbReset                                          build/usb.o
usbResume                                         build/usb.o
usbResumeInit                                     build/usb.o
usbSetConfiguration                               build/usb.o
usbSetDeviceAddress                               build/usb.o
usbSetDeviceFeature                               build/usb.o
usbSetEndpointFeature                             build/usb.o
usbSetInterface                                   build/usb.o
usbStatusIn                                       build/usb.o
usbStatusOut                                      build/usb.o
usbStringDescriptor                               build/usb_descriptor.o
                                                  build/usb.o
usbSuspend                                        build/usb.o
userUploadType                                    build/dfu.o
wInterrupt_Mask                                   build/usb_lib/usb_init.o
                                                  build/usb.o
wIstr                                             build/usb_lib/usb_int.o
                                                  build/usb.o
wTransferSize                                     build/dfu.o
                                                  build/hardware.o
                                                  build/main.o
                                                  build/usb_descriptor.o
                                                  build/usb.o
